// Jest Snapshot v1, https://goo.gl/fbAQLP

exports[`Checking Carousel component Rendering 1`] = `
<View>
  <Text
    style={
      {
        "fontSize": 14,
        "fontWeight": "bold",
      }
    }
  >
    Height:
  </Text>
  <Text
    style={
      {
        "fontSize": 14,
      }
    }
  >
    7
  </Text>
  <Text
    style={
      {
        "fontSize": 14,
        "fontWeight": "bold",
      }
    }
  >
    Weight:
  </Text>
  <Text
    style={
      {
        "fontSize": 14,
      }
    }
  >
    69
  </Text>
  <Text
    style={
      {
        "fontSize": 14,
        "fontWeight": "bold",
      }
    }
  >
    Gender:
  </Text>
  <Text />
  <Text
    style={
      {
        "fontSize": 14,
        "fontWeight": "bold",
      }
    }
  >
    Egg Group:
  </Text>
  <View>
    <Text
      style={
        {
          "fontSize": 14,
        }
      }
    >
      monster
    </Text>
    <Text
      style={
        {
          "fontSize": 14,
        }
      }
    >
      plant
    </Text>
  </View>
  <Text
    style={
      {
        "fontSize": 14,
        "fontWeight": "bold",
      }
    }
  >
    Abilities:
  </Text>
  <View>
    <Text
      style={
        {
          "fontSize": 14,
        }
      }
    >
      overgrow
    </Text>
    <Text
      style={
        {
          "fontSize": 14,
        }
      }
    >
      chlorophyll
    </Text>
  </View>
  <Text
    style={
      {
        "fontSize": 14,
        "fontWeight": "bold",
      }
    }
  >
    Types:
  </Text>
  <View>
    <Text
      style={
        {
          "fontSize": 14,
        }
      }
    >
      grass
    </Text>
    <Text
      style={
        {
          "fontSize": 14,
        }
      }
    >
      poison
    </Text>
  </View>
  <Text
    style={
      {
        "fontSize": 14,
        "fontWeight": "bold",
      }
    }
  >
    Weak Against:
  </Text>
  <View>
    <Text
      style={
        {
          "fontSize": 14,
        }
      }
    >
      flying
    </Text>
    <Text
      style={
        {
          "fontSize": 14,
        }
      }
    >
      psychic
    </Text>
    <Text
      style={
        {
          "fontSize": 14,
        }
      }
    >
      fairy
    </Text>
  </View>
</View>
`;
